TAP version 13
# Subtest: *
    # Subtest: this should pass
    ok 1 - this should pass
      ---
      duration_ms: *
      ...
    1..1
ok 1 - *
  ---
  duration_ms: *
  ...
1..1
# tests 1
# pass 1
# fail 0
# cancelled 0
# skipped 0
# todo 0
# duration_ms *
