TAP version 13
# Subtest: /Users/mosheatlow/repos/node/test/fixtures/test-runner/index.test.js
    # Subtest: this should pass
    ok 1 - this should pass
      ---
      duration_ms: *
      ...
ok 1 - /Users/mosheatlow/repos/node/test/fixtures/test-runner/index.test.js
  ---
  duration_ms: *
  ...
# Subtest: /Users/mosheatlow/repos/node/test/fixtures/test-runner/invalid_tap.js
    # invalid tap output
ok 2 - /Users/mosheatlow/repos/node/test/fixtures/test-runner/invalid_tap.js
  ---
  duration_ms: *
  ...
# Subtest: /Users/mosheatlow/repos/node/test/fixtures/test-runner/nested.js
    # Subtest: level 0a
        # Subtest: level 1a
        ok 1 - level 1a
          ---
          duration_ms: *
          ...
        # Subtest: level 1b
        not ok 2 - level 1b
          ---
          duration_ms: *
          failureType: 'testCodeFailure'
          error: 'level 1b error'
          code: 'ERR_TEST_FAILURE'
          stack: |-
            *
            *
            *
            *
            *
            *
            *
            *
            *
            *
          ...
        # Subtest: level 1c
        ok 3 - level 1c # SKIP aaa
          ---
          duration_ms: *
          ...
        # Subtest: level 1d
        ok 4 - level 1d
          ---
          duration_ms: *
          ...
        # level 1d diagnostic
        1..4
    not ok 1 - level 0a
      ---
      duration_ms: *
      failureType: 'subtestsFailed'
      error: '1 subtest failed'
      code: 'ERR_TEST_FAILURE'
      ...
    # Subtest: level 0b
    not ok 2 - level 0b
      ---
      duration_ms: *
      failureType: 'testCodeFailure'
      error: 'level 0b error'
      code: 'ERR_TEST_FAILURE'
      stack: |-
        *
        *
        *
        *
        *
        *
        *
      ...
    1..2
not ok 3 - /Users/mosheatlow/repos/node/test/fixtures/test-runner/nested.js
  ---
  duration_ms: *
  failureType: 'subtestsFailed'
  exitCode: 1
  error: '2 subtests failed'
  code: 'ERR_TEST_FAILURE'
  ...
1..3
# tests 3
# pass 2
# fail 1
# cancelled 0
# skipped 0
# todo 0
# duration_ms *
